// Jest Snapshot v1, https://goo.gl/fbAQLP

exports[`Button mounts when called 1`] = `
<button
  className="digits orange"
  onClick={[Function]}
  type="button"
>
  +
</button>
`;
